FixPointExpr(GreatestFixpoint)
    Variable(X)
    FixPointExpr(LeastFixpoint)
        Variable(Y)
        BinaryExpr(Disjunction)
            Variable(X)
            Variable(Y)
