FixPointExpr(GreatestFixpoint)
    Variable(X)
    FixPointExpr(LeastFixpoint)
        Variable(Y)
        BinaryExpr(Conjunction)
            Variable(X)
            Variable(Y)
