BinaryExpr(Conjunction)
    UnaryExpr(SimpleTrue)
    UnaryExpr(SimpleTrue)
