BinaryExpr(Disjunction)
    UnaryExpr(SimpleFalse)
    UnaryExpr(SimpleTrue)
