BinaryExpr(Conjunction)
    UnaryExpr(SimpleFalse)
    UnaryExpr(SimpleTrue)
