BinaryExpr(Disjunction)
    UnaryExpr(SimpleTrue)
    UnaryExpr(SimpleTrue)
