BinaryExpr(GreatestFixpoint)
    Variable(X)
    Variable(X)
