BinaryExpr(GreatestFixpoint)
    Variable(X)
    BinaryExpr(Conjunction)
        Variable(X)
        BinaryExpr(LeastFixpoint)
            Variable(Y)
            Variable(Y)
