BinaryExpr(LeastFixpoint)
    Variable(Y)
    Variable(Y)
