BinaryExpr(GreatestFixpoint)
    Variable(X)
    BinaryExpr(LeastFixpoint)
        Variable(Y)
        BinaryExpr(Disjunction)
            Variable(X)
            Variable(Y)
