BinaryExpr(BoxModality)
    Action("tau")
    UnaryExpr(SimpleTrue)
