BinaryExpr(DiamondModality)
    Action("tau")
    UnaryExpr(SimpleFalse)
