BinaryExpr(DiamondModality)
    Action("tau")
    BinaryExpr(BoxModality)
        Action("tau")
        UnaryExpr(SimpleFalse)
