BinaryExpr(BoxModality)
    Action("tau")
    UnaryExpr(SimpleFalse)
