BinaryExpr(GreatestFixpoint)
    Variable(X)
    BinaryExpr(Conjunction)
        BinaryExpr(DiamondModality)
            Action("tau")
            Variable(X)
        BinaryExpr(LeastFixpoint)
            Variable(Y)
            BinaryExpr(Disjunction)
                BinaryExpr(DiamondModality)
                    Action("tau")
                    Variable(Y)
                BinaryExpr(BoxModality)
                    Action("a")
                    UnaryExpr(SimpleFalse)
