BinaryExpr(GreatestFixpoint)
    Variable(X)
    BinaryExpr(DiamondModality)
        Action("tau")
        Variable(X)
